{
    "attributes": [
      {"id": "20348392978", "key": "gender"},
      {"id": "20350341229", "key": "age"},
      {"id": "20368981170", "key": "country"}
    ],
    "audiences": [
        {"conditions": "[\"and\", [\"or\", [\"or\", {\"match\": \"gt\", \"name\": \"age\", \"type\": \"custom_attribute\", \"value\": 18}]]]", "id": "20348452263", "name": "adult"},
        {"conditions": "[\"and\", [\"or\", [\"or\", {\"match\": \"lt\", \"name\": \"age\", \"type\": \"custom_attribute\", \"value\": 18}]]]", "id": "20348352569", "name": "kid"},
        {"conditions": "[\"and\", {\"match\": \"eq\", \"name\": \"dummy\", \"type\": \"custom_attribute\", \"value\": 1000}]", "id": "20348352999", "name": "for-test-only"},
        {"conditions": "[\"and\", [\"or\", [\"or\", {\"match\": \"exact\", \"name\": \"country\", \"type\": \"custom_attribute\", \"value\": \"us\"}]]]", "id": "20348780620", "name": "us"},
        {"conditions": "[\"and\", [\"or\", [\"or\", {\"match\": \"exact\", \"name\": \"country\", \"type\": \"custom_attribute\", \"value\": \"fr\"}]]]", "id": "20348780628", "name": "fr"},
        {"conditions": "[\"and\", [\"or\", [\"or\", {\"match\": \"exact\", \"name\": \"gender\", \"type\": \"custom_attribute\", \"value\": \"f\"}]]]", "id": "20361762308", "name": "female"},
        {"conditions": "[\"and\", [\"or\", [\"or\", {\"match\": \"exact\", \"name\": \"gender\", \"type\": \"custom_attribute\", \"value\": \"m\"}]]]", "id": "20371020836", "name": "male"}
    ],
    "environmentKey": "production",
    "events": [
      {"experimentIds": [], "id": "20346042538", "key": "send"},
      {"experimentIds": ["9300000005843"], "id": "20350371588", "key": "buy"}
    ],
    "experimentsMap":{
        "all_traffic_experiment":{
            "audiences":"\"adult\" AND \"male\" AND \"20344341662\"",
            "id":"12198292375",
            "key":"all_traffic_experiment",
            "variationsMap":{
                "all_traffic_variation":{
                    "featureEnabled":true,
                    "id":"12098126627",
                    "key":"all_traffic_variation",
                    "variablesMap":{}
                },
                "no_traffic_variation":{
                    "featureEnabled":true,
                    "id":"12098126628",
                    "key":"no_traffic_variation",
                    "variablesMap":{}
                }
            }
        },
        "exp_with_audience":{
            "audiences":"",
            "id":"10390977673",
            "key":"exp_with_audience",
            "variationsMap":{
                "a":{
                    "featureEnabled":true,
                    "id":"10389729780",
                    "key":"a",
                    "variablesMap":{
                        
                    }
                },
                "b":{
                    "featureEnabled":false,
                    "id":"10416523121",
                    "key":"b",
                    "variablesMap":{
                        
                    }
                }
            }
        },
        "experiment_4000":{
            "audiences":"\"adult\" OR \"female\"",
            "id":"12198292373",
            "key":"experiment_4000",
            "variationsMap":{
                "all_traffic_variation_exp_1":{
                    "featureEnabled":true,
                    "id":"12098126626",
                    "key":"all_traffic_variation_exp_1",
                    "variablesMap":{
                        "b_true":{
                            "id":"2687470096",
                            "key":"b_true",
                            "type":"boolean",
                            "value":"false"
                        },
                        "d_4_2":{
                            "id":"2687470095",
                            "key":"d_4_2",
                            "type":"double",
                            "value":"50.5"
                        },
                        "i_42":{
                            "id":"2687470094",
                            "key":"i_42",
                            "type":"integer",
                            "value":"50"
                        },
                        "s_foo":{
                            "id":"2687470097",
                            "key":"s_foo",
                            "type":"string",
                            "value":"s1"
                        }
                    }
                },
                "no_traffic_variation_exp_1":{
                    "featureEnabled":true,
                    "id":"12107729995",
                    "key":"no_traffic_variation_exp_1",
                    "variablesMap":{
                        "b_true":{
                            "id":"2687470096",
                            "key":"b_true",
                            "type":"boolean",
                            "value":"true"
                        },
                        "d_4_2":{
                            "id":"2687470095",
                            "key":"d_4_2",
                            "type":"double",
                            "value":"42.2"
                        },
                        "i_42":{
                            "id":"2687470094",
                            "key":"i_42",
                            "type":"integer",
                            "value":"42"
                        },
                        "s_foo":{
                            "id":"2687470097",
                            "key":"s_foo",
                            "type":"string",
                            "value":"foo"
                        }
                    }
                }
            }
        },
        "experiment_8000":{
            "audiences":"",
            "id":"12198292374",
            "key":"experiment_8000",
            "variationsMap":{
                "no_traffic_variation_exp_2":{
                    "featureEnabled":false,
                    "id":"12252360417",
                    "key":"no_traffic_variation_exp_2",
                    "variablesMap":{
                        "b_true":{
                            "id":"2687470096",
                            "key":"b_true",
                            "type":"boolean",
                            "value":"true"
                        },
                        "d_4_2":{
                            "id":"2687470095",
                            "key":"d_4_2",
                            "type":"double",
                            "value":"42.2"
                        },
                        "i_42":{
                            "id":"2687470094",
                            "key":"i_42",
                            "type":"integer",
                            "value":"42"
                        },
                        "s_foo":{
                            "id":"2687470097",
                            "key":"s_foo",
                            "type":"string",
                            "value":"foo"
                        }
                    }
                }
            }
        },
        "no_traffic_experiment":{
            "audiences":"",
            "id":"12198292376",
            "key":"no_traffic_experiment",
            "variationsMap":{
                "variation_5000":{
                    "featureEnabled":true,
                    "id":"12098126629",
                    "key":"variation_5000",
                    "variablesMap":{
                        
                    }
                },
                "variation_10000":{
                    "featureEnabled":true,
                    "id":"12098126630",
                    "key":"variation_10000",
                    "variablesMap":{
                        
                    }
                }
            }
        }
    },
    "featuresMap":{
        "feature_exp_no_traffic":{
            "deliveryRules":[],
            "experimentRules": [
              {
                "audiences": "",
                "id": "12198292376",
                "key": "no_traffic_experiment",
                "variationsMap": {
                  "variation_5000": {
                    "featureEnabled": true,
                    "id": "12098126629",
                    "key": "variation_5000",
                    "variablesMap": {}
                  },
                  "variation_10000": {
                    "featureEnabled": true,
                    "id": "12098126630",
                    "key": "variation_10000",
                    "variablesMap": {}
                  }
                }
              }
            ],
            "experimentsMap":{
                "no_traffic_experiment":{
                    "audiences": "",
                    "id":"12198292376",
                    "key":"no_traffic_experiment",
                    "variationsMap":{
                        "variation_5000":{
                            "featureEnabled":true,
                            "id":"12098126629",
                            "key":"variation_5000",
                            "variablesMap":{
                                
                            }
                        },
                        "variation_10000":{
                            "featureEnabled":true,
                            "id":"12098126630",
                            "key":"variation_10000",
                            "variablesMap":{
                                
                            }
                        }
                    }
                }
            },
            "id":"4482920079",
            "key":"feature_exp_no_traffic",
            "variablesMap":{
                
            }
        },
        "mutex_group_feature":{
            "deliveryRules": [
              {
                "audiences": "\"kid\"OR\"male\"",
                "id": "9300000005991",
                "key": "targeted_delivery",
                "variationsMap": {
                  "on": {
                    "featureEnabled": true,
                    "id": "6327",
                    "key": "on",
                    "variablesMap": {
                      "b_true": {
                        "id": "2687470096",
                        "key": "b_true",
                        "type": "boolean",
                        "value": "true"
                      },
                      "d_4_2": {
                        "id": "2687470095",
                        "key": "d_4_2",
                        "type": "double",
                        "value": "42.2"
                      },
                      "i_42": {
                        "id": "2687470094",
                        "key": "i_42",
                        "type": "integer",
                        "value": "42"
                      },
                      "s_foo": {
                        "id": "2687470097",
                        "key": "s_foo",
                        "type": "string",
                        "value": "foo"
                      }
                    }
                  }
                }
              },
              {
                "audiences": "",
                "id": "default-rollout-2354-20348521767",
                "key": "default-rollout-2354-20348521767",
                "variationsMap": {
                  "off": {
                    "featureEnabled": false,
                    "id": "6326",
                    "key": "off",
                    "variablesMap": {
                      "b_true": {
                        "id": "2687470096",
                        "key": "b_true",
                        "type": "boolean",
                        "value": "true"
                      },
                      "d_4_2": {
                        "id": "2687470095",
                        "key": "d_4_2",
                        "type": "double",
                        "value": "42.2"
                      },
                      "i_42": {
                        "id": "2687470094",
                        "key": "i_42",
                        "type": "integer",
                        "value": "42"
                      },
                      "s_foo": {
                        "id": "2687470097",
                        "key": "s_foo",
                        "type": "string",
                        "value": "foo"
                      }
                    }
                  }
                }
              }
            ],
            "experimentRules": [
              {
                "audiences": "\"adult\"OR\"female\"",
                "id": "12198292373",
                "key": "experiment_4000",
                "variationsMap": {
                  "all_traffic_variation_exp_1": {
                    "featureEnabled": true,
                    "id": "12098126626",
                    "key": "all_traffic_variation_exp_1",
                    "variablesMap": {
                      "b_true": {
                        "id": "2687470096",
                        "key": "b_true",
                        "type": "boolean",
                        "value": "false"
                      },
                      "d_4_2": {
                        "id": "2687470095",
                        "key": "d_4_2",
                        "type": "double",
                        "value": "50.5"
                      },
                      "i_42": {
                        "id": "2687470094",
                        "key": "i_42",
                        "type": "integer",
                        "value": "50"
                      },
                      "s_foo": {
                        "id": "2687470097",
                        "key": "s_foo",
                        "type": "string",
                        "value": "s1"
                      }
                    }
                  },
                  "no_traffic_variation_exp_1": {
                    "featureEnabled": true,
                    "id": "12107729995",
                    "key": "no_traffic_variation_exp_1",
                    "variablesMap": {
                      "b_true": {
                        "id": "2687470096",
                        "key": "b_true",
                        "type": "boolean",
                        "value": "true"
                      },
                      "d_4_2": {
                        "id": "2687470095",
                        "key": "d_4_2",
                        "type": "double",
                        "value": "42.2"
                      },
                      "i_42": {
                        "id": "2687470094",
                        "key": "i_42",
                        "type": "integer",
                        "value": "42"
                      },
                      "s_foo": {
                        "id": "2687470097",
                        "key": "s_foo",
                        "type": "string",
                        "value": "foo"
                      }
                    }
                  }
                }
              },
              {
                "audiences": "",
                "id": "12198292374",
                "key": "experiment_8000",
                "variationsMap": {
                  "no_traffic_variation_exp_2": {
                    "featureEnabled": false,
                    "id": "12252360417",
                    "key": "no_traffic_variation_exp_2",
                    "variablesMap": {
                      "b_true": {
                        "id": "2687470096",
                        "key": "b_true",
                        "type": "boolean",
                        "value": "true"
                      },
                      "d_4_2": {
                        "id": "2687470095",
                        "key": "d_4_2",
                        "type": "double",
                        "value": "42.2"
                      },
                      "i_42": {
                        "id": "2687470094",
                        "key": "i_42",
                        "type": "integer",
                        "value": "42"
                      },
                      "s_foo": {
                        "id": "2687470097",
                        "key": "s_foo",
                        "type": "string",
                        "value": "foo"
                      }
                    }
                  }
                }
              }
            ],
            "experimentsMap":{
                "experiment_4000":{
                    "audiences": "\"adult\"OR\"female\"",
                    "id":"12198292373",
                    "key":"experiment_4000",
                    "variationsMap":{
                        "all_traffic_variation_exp_1":{
                            "featureEnabled":true,
                            "id":"12098126626",
                            "key":"all_traffic_variation_exp_1",
                            "variablesMap":{
                                "b_true":{
                                    "id":"2687470096",
                                    "key":"b_true",
                                    "type":"boolean",
                                    "value":"false"
                                },
                                "d_4_2":{
                                    "id":"2687470095",
                                    "key":"d_4_2",
                                    "type":"double",
                                    "value":"50.5"
                                },
                                "i_42":{
                                    "id":"2687470094",
                                    "key":"i_42",
                                    "type":"integer",
                                    "value":"50"
                                },
                                "s_foo":{
                                    "id":"2687470097",
                                    "key":"s_foo",
                                    "type":"string",
                                    "value":"s1"
                                }
                            }
                        },
                        "no_traffic_variation_exp_1":{
                            "featureEnabled":true,
                            "id":"12107729995",
                            "key":"no_traffic_variation_exp_1",
                            "variablesMap":{
                                "b_true":{
                                    "id":"2687470096",
                                    "key":"b_true",
                                    "type":"boolean",
                                    "value":"true"
                                },
                                "d_4_2":{
                                    "id":"2687470095",
                                    "key":"d_4_2",
                                    "type":"double",
                                    "value":"42.2"
                                },
                                "i_42":{
                                    "id":"2687470094",
                                    "key":"i_42",
                                    "type":"integer",
                                    "value":"42"
                                },
                                "s_foo":{
                                    "id":"2687470097",
                                    "key":"s_foo",
                                    "type":"string",
                                    "value":"foo"
                                }
                            }
                        }
                    }
                },
                "experiment_8000":{
                    "audiences": "",
                    "id":"12198292374",
                    "key":"experiment_8000",
                    "variationsMap":{
                        "no_traffic_variation_exp_2":{
                            "featureEnabled":false,
                            "id":"12252360417",
                            "key":"no_traffic_variation_exp_2",
                            "variablesMap":{
                                "b_true":{
                                    "id":"2687470096",
                                    "key":"b_true",
                                    "type":"boolean",
                                    "value":"true"
                                },
                                "d_4_2":{
                                    "id":"2687470095",
                                    "key":"d_4_2",
                                    "type":"double",
                                    "value":"42.2"
                                },
                                "i_42":{
                                    "id":"2687470094",
                                    "key":"i_42",
                                    "type":"integer",
                                    "value":"42"
                                },
                                "s_foo":{
                                    "id":"2687470097",
                                    "key":"s_foo",
                                    "type":"string",
                                    "value":"foo"
                                }
                            }
                        }
                    }
                }
            },
            "id":"4482920077",
            "key":"mutex_group_feature",
            "variablesMap":{
                "b_true":{
                    "id":"2687470096",
                    "key":"b_true",
                    "type":"boolean",
                    "value":"true"
                },
                "d_4_2":{
                    "id":"2687470095",
                    "key":"d_4_2",
                    "type":"double",
                    "value":"42.2"
                },
                "i_42":{
                    "id":"2687470094",
                    "key":"i_42",
                    "type":"integer",
                    "value":"42"
                },
                "s_foo":{
                    "id":"2687470097",
                    "key":"s_foo",
                    "type":"string",
                    "value":"foo"
                }
            }
        }
    },
    "revision":"9",
    "sdkKey": "ValidProjectConfigV4"
}
